// Vitest Snapshot v1, https://vitest.dev/guide/snapshot.html

exports[`renders login form correctly 1`] = `
<div>
  <header>
    <div
      class="tabs"
      role="tablist"
    >
      <span
        class="tab"
        role="tab"
      >
        <a
          href="/home"
        >
          Home
        </a>
      </span>
      <span
        class="tab"
        role="tab"
      >
        <a
          href="/leaderboard"
        >
          Leaderboard
        </a>
      </span>
      <span
        class="tab"
        role="tab"
      >
        <a
          href="/new"
        >
          New
        </a>
      </span>
      <div
        class="log-out"
      >
        Logout
      </div>
      <div
        class="user"
      >
        <img
          class="avt"
          src="../src/"
        />
        <span
          class="name"
        />
      </div>
    </div>
  </header>
  <div
    class="ranking-table overflow-x-auto"
  >
    <table
      class="table"
    >
      <thead>
        <tr>
          <th>
            Users
          </th>
          <th>
            Answered
          </th>
          <th>
            Created
          </th>
        </tr>
      </thead>
      <tbody>
        <tr>
          <td>
            <div
              class="flex items-center gap-3"
            >
              <div
                class="avatar"
              >
                <div
                  class="mask mask-squircle w-12 h-12"
                >
                  <img
                    alt="Avatar Tailwind CSS Component"
                    src="../src//assets/avatar/sarahedo.jpg"
                  />
                </div>
              </div>
              <div>
                <div
                  class="font-bold"
                >
                  Sarah Edo
                </div>
                <div
                  class="text-sm opacity-50"
                >
                  sarahedo
                </div>
              </div>
            </div>
          </td>
          <td>
            4
          </td>
          <td>
            2
          </td>
        </tr>
        <tr>
          <td>
            <div
              class="flex items-center gap-3"
            >
              <div
                class="avatar"
              >
                <div
                  class="mask mask-squircle w-12 h-12"
                >
                  <img
                    alt="Avatar Tailwind CSS Component"
                    src="../src//assets/avatar/mtsamis.jpg"
                  />
                </div>
              </div>
              <div>
                <div
                  class="font-bold"
                >
                  Mike Tsamis
                </div>
                <div
                  class="text-sm opacity-50"
                >
                  mtsamis
                </div>
              </div>
            </div>
          </td>
          <td>
            3
          </td>
          <td>
            2
          </td>
        </tr>
        <tr>
          <td>
            <div
              class="flex items-center gap-3"
            >
              <div
                class="avatar"
              >
                <div
                  class="mask mask-squircle w-12 h-12"
                >
                  <img
                    alt="Avatar Tailwind CSS Component"
                    src="../src//assets/avatar/tylermcginnis.jpg"
                  />
                </div>
              </div>
              <div>
                <div
                  class="font-bold"
                >
                  Tyler McGinnis
                </div>
                <div
                  class="text-sm opacity-50"
                >
                  tylermcginnis
                </div>
              </div>
            </div>
          </td>
          <td>
            2
          </td>
          <td>
            2
          </td>
        </tr>
        <tr>
          <td>
            <div
              class="flex items-center gap-3"
            >
              <div
                class="avatar"
              >
                <div
                  class="mask mask-squircle w-12 h-12"
                >
                  <img
                    alt="Avatar Tailwind CSS Component"
                    src="../src//assets/avatar/zoshikanlu.jpg"
                  />
                </div>
              </div>
              <div>
                <div
                  class="font-bold"
                >
                  Zenobia Oshikanlu
                </div>
                <div
                  class="text-sm opacity-50"
                >
                  zoshikanlu
                </div>
              </div>
            </div>
          </td>
          <td>
            1
          </td>
          <td>
            0
          </td>
        </tr>
        <tr>
          <td>
            <div
              class="flex items-center gap-3"
            >
              <div
                class="avatar"
              >
                <div
                  class="mask mask-squircle w-12 h-12"
                >
                  <img
                    alt="Avatar Tailwind CSS Component"
                    src="../src//assets/avatar/hainh.jpg"
                  />
                </div>
              </div>
              <div>
                <div
                  class="font-bold"
                >
                  Hai Nguyen Hoang
                </div>
                <div
                  class="text-sm opacity-50"
                >
                  hainh
                </div>
              </div>
            </div>
          </td>
          <td>
            0
          </td>
          <td>
            0
          </td>
        </tr>
      </tbody>
    </table>
  </div>
</div>
`;
